// Jest Snapshot v1, https://goo.gl/fbAQLP

exports[`PickerBase should render correctly 1`] = `
<body
  style="padding-right: 1024px; overflow: hidden;"
>
  <div>
    <div
      aria-expanded="true"
      aria-haspopup="dialog"
      aria-label="picker base"
      aria-owns="dialog-1"
      id="picker-1"
      role="button"
    >
      <button
        aria-controls="picker-test"
        aria-expanded="true"
        aria-haspopup="dialog"
        tabindex="-1"
        type="button"
      >
        open
      </button>
    </div>
  </div>
  <div
    aria-hidden="true"
    class="__reakit-focus-trap"
    style="position: fixed;"
    tabindex="0"
  />
  <div
    class="__reakit-portal"
  >
    <div
      aria-modal="true"
      data-dialog="true"
      data-testid="picker-content"
      id="dialog-1"
      role="dialog"
      tabindex="-1"
    >
      Content
    </div>
  </div>
  <div
    aria-hidden="true"
    class="__reakit-focus-trap"
    style="position: fixed;"
    tabindex="0"
  />
</body>
`;
