// Jest Snapshot v1, https://goo.gl/fbAQLP

exports[`Accordion should render correctly 1`] = `
<DocumentFragment>
  <div
    id="accordion"
  >
    <h3>
      <button
        aria-controls="accordion-2"
        aria-expanded="false"
        id="accordion-1"
        tabindex="0"
        type="button"
      >
        trigger 1
      </button>
    </h3>
    <div
      aria-labelledby="accordion-1"
      hidden=""
      id="accordion-2"
      role="region"
      style="display: none;"
    >
      panel 1
    </div>
    <h3>
      <button
        aria-controls="accordion-4"
        aria-expanded="false"
        id="accordion-2"
        tabindex="-1"
        type="button"
      >
        trigger 2
      </button>
    </h3>
    <div
      aria-labelledby="accordion-2"
      hidden=""
      id="accordion-4"
      role="region"
      style="display: none;"
    >
      panel 2
    </div>
    <h3>
      <button
        aria-controls="accordion-6"
        aria-expanded="false"
        id="accordion-5"
        tabindex="-1"
        type="button"
      >
        trigger 3
      </button>
    </h3>
    <div
      aria-labelledby="accordion-5"
      hidden=""
      id="accordion-6"
      role="region"
      style="display: none;"
    >
      panel 3
    </div>
    <h3>
      <button
        aria-controls="accordion-8"
        aria-disabled="true"
        aria-expanded="false"
        disabled=""
        id="accordion-7"
        style="pointer-events: none;"
        type="button"
      >
        disabled
      </button>
    </h3>
    <div
      aria-labelledby="accordion-7"
      hidden=""
      id="accordion-8"
      role="region"
      style="display: none;"
    >
      disabled panel
    </div>
  </div>
</DocumentFragment>
`;
