// Jest Snapshot v1, https://goo.gl/fbAQLP

exports[`useAccordionState initial state 1`] = `
Object {
  "allowMultiple": false,
  "allowToggle": false,
  "baseId": "base",
  "currentId": undefined,
  "groups": Array [],
  "items": Array [],
  "loop": false,
  "manual": true,
  "orientation": "vertical",
  "panels": Array [],
  "rtl": false,
  "selectedId": null,
  "selectedIds": Array [],
  "shift": false,
  "unstable_hasActiveWidget": false,
  "unstable_idCountRef": Object {
    "current": 0,
  },
  "unstable_includesBaseElement": false,
  "unstable_moves": 0,
  "unstable_virtual": false,
  "wrap": false,
}
`;
